startup-log-region: readiness-poll.log
region-describes: container readiness: deployment completion and the startup-completed line the window closes on
region-mandatory: yes
region-pattern: Server startup in|Deployment of web application|has finished in|Deploying web application|Starting ProtocolHandler|Initializing ProtocolHandler
region-pattern-flags: grep -E -i, applied to the extracted window only
window-source: /tmp/blitzy/ArkCase/blitzy-<UUID>-w-053_196589/.blitzy-scratch/rt/base8/tomcat/logs/catalina.out
window-source-sha256: 0a51ca969c869010ae5400b9cbf5ffda28a6a2e2f49ea00182a81ad1a473980f
window-boots-present-in-source: 1
window-sha256: c29de8db1d50b9844782be88aabd1b39fffde42336b66def88ab4123022dd4b3
window-start-line: 1
window-end-line: 2731
window-start-byte-offset: 0
window-end-byte-offset: 603956
window-lines: 2731
matched-lines: 5
line-cap: 8000
capture-truncated: no
----- region -----
08-Aug-2026 04:59:29.800 INFO [main] org.apache.coyote.AbstractProtocol.init Initializing ProtocolHandler ["http-nio-53081"]
08-Aug-2026 04:59:29.848 INFO [main] org.apache.catalina.startup.HostConfig.deployWAR Deploying web application archive [/tmp/blitzy/ArkCase/blitzy-<UUID>-w-053_196589/.blitzy-scratch/rt/base8/tomcat/webapps/arkcase.war]
[m08-Aug-2026 05:02:16.180 INFO [main] org.apache.catalina.startup.HostConfig.deployWAR Deployment of web application archive [/tmp/blitzy/ArkCase/blitzy-<UUID>-w-053_196589/.blitzy-scratch/rt/base8/tomcat/webapps/arkcase.war] has finished in [166,329] ms
08-Aug-2026 05:02:16.183 INFO [main] org.apache.coyote.AbstractProtocol.start Starting ProtocolHandler ["http-nio-53081"]
08-Aug-2026 05:02:16.198 INFO [main] org.apache.catalina.startup.Catalina.start Server startup in [166386] milliseconds
----- end region -----
