startup-log-region: reflection-scan.log
region-describes: reflection-based classpath scanning, the observable side of leaving the reflection library unchanged
region-mandatory: yes
region-pattern: reflections|classpath scan|ClassPathScanning|component scan|scanning for|AcmObjectUtils|PermissionEvaluator|ArkPermission
region-pattern-flags: grep -E -i, applied to the extracted window only
window-source: /tmp/blitzy/ArkCase/blitzy-<UUID>-w-053_196589/.blitzy-scratch/rt/base8/tomcat/logs/catalina.out
window-source-sha256: 0a51ca969c869010ae5400b9cbf5ffda28a6a2e2f49ea00182a81ad1a473980f
window-boots-present-in-source: 1
window-sha256: c29de8db1d50b9844782be88aabd1b39fffde42336b66def88ab4123022dd4b3
window-start-line: 1
window-end-line: 2731
window-start-byte-offset: 0
window-end-byte-offset: 603956
window-lines: 2731
matched-lines: 26
line-cap: 8000
capture-truncated: no
----- region -----
[m[32m<TIMESTAMP>,952 [INFO ] [main] org.reflections.Reflections - Reflections took 271 ms to scan 128 urls, producing 42 keys and 2681 values 
[m[36m<TIMESTAMP>,677 [DEBUG] [main] com.armedia.acm.data.converter.ConverterScanPostProcessor - Scanning for converter classes
[m[36m<TIMESTAMP>,863 [DEBUG] [main] com.armedia.acm.data.converter.ConverterScanPostProcessor - Scanning for converter classes
[m[32m<TIMESTAMP>,634 [INFO ] [main] org.reflections.Reflections - Reflections took 1 ms to scan 1 urls, producing 2 keys and 16 values 
[m[32m<TIMESTAMP>,736 [INFO ] [main] org.reflections.Reflections - Reflections took 1 ms to scan 1 urls, producing 1 keys and 15 values 
[m[32m<TIMESTAMP>,500 [INFO ] [main] org.reflections.Reflections - Reflections took 123 ms to scan 128 urls, producing 502 keys and 3225 values 
[m[36m<TIMESTAMP>,512 [DEBUG] [main] com.armedia.acm.services.dataaccess.service.impl.ArkPermissionEvaluator - Found assigned object [Complaint]
[m[36m<TIMESTAMP>,513 [DEBUG] [main] com.armedia.acm.services.dataaccess.service.impl.ArkPermissionEvaluator - Found assigned object [InitiatorOrganization]
[m[36m<TIMESTAMP>,513 [DEBUG] [main] com.armedia.acm.services.dataaccess.service.impl.ArkPermissionEvaluator - Found assigned object [BusinessProcess]
[m[36m<TIMESTAMP>,513 [DEBUG] [main] com.armedia.acm.services.dataaccess.service.impl.ArkPermissionEvaluator - Found assigned object [Person]
[m[36m<TIMESTAMP>,513 [DEBUG] [main] com.armedia.acm.services.dataaccess.service.impl.ArkPermissionEvaluator - Found assigned object [PeoplePerson]
[m[36m<TIMESTAMP>,513 [DEBUG] [main] com.armedia.acm.services.dataaccess.service.impl.ArkPermissionEvaluator - Found assigned object [GeneralOrganization]
[m[36m<TIMESTAMP>,514 [DEBUG] [main] com.armedia.acm.services.dataaccess.service.impl.ArkPermissionEvaluator - Found assigned object [DocumentRepository]
[m[36m<TIMESTAMP>,514 [DEBUG] [main] com.armedia.acm.services.dataaccess.service.impl.ArkPermissionEvaluator - Found assigned object [AcmTask]
[m[36m<TIMESTAMP>,514 [DEBUG] [main] com.armedia.acm.services.dataaccess.service.impl.ArkPermissionEvaluator - Found assigned object [EcmFile]
[m[36m<TIMESTAMP>,514 [DEBUG] [main] com.armedia.acm.services.dataaccess.service.impl.ArkPermissionEvaluator - Found assigned object [PeopleOrganization]
[m[36m<TIMESTAMP>,514 [DEBUG] [main] com.armedia.acm.services.dataaccess.service.impl.ArkPermissionEvaluator - Found assigned object [Organization]
[m[36m<TIMESTAMP>,514 [DEBUG] [main] com.armedia.acm.services.dataaccess.service.impl.ArkPermissionEvaluator - Found assigned object [AcmFolder]
[m[36m<TIMESTAMP>,514 [DEBUG] [main] com.armedia.acm.services.dataaccess.service.impl.ArkPermissionEvaluator - Found assigned object [AcmCostsheet]
[m[36m<TIMESTAMP>,514 [DEBUG] [main] com.armedia.acm.services.dataaccess.service.impl.ArkPermissionEvaluator - Found assigned object [Consultation]
[m[36m<TIMESTAMP>,514 [DEBUG] [main] com.armedia.acm.services.dataaccess.service.impl.ArkPermissionEvaluator - Found assigned object [InitiatorPerson]
[m[36m<TIMESTAMP>,514 [DEBUG] [main] com.armedia.acm.services.dataaccess.service.impl.ArkPermissionEvaluator - Found assigned object [DefendantPerson]
[m[36m<TIMESTAMP>,514 [DEBUG] [main] com.armedia.acm.services.dataaccess.service.impl.ArkPermissionEvaluator - Found assigned object [CaseFile]
[m[32m<TIMESTAMP>,083 [INFO ] [main] com.armedia.acm.activiti.services.ActivityClassPathBpmnDeployer - Scanning for resources matching [classpath*:/activiti/acm*.bpmn20.xml,classpath*:/activiti/ArkCase*.bpmn20.xml,classpath*:/activiti/DefaultComplaint*.bpmn20.xml,classpath*:/activiti/Corrective*.bpmn20.xml,classpath*:/activiti/Media*.bpmn20.xml]
[m[32m<TIMESTAMP>,516 [INFO ] [main] com.armedia.acm.activiti.services.ActivityClassPathBpmnDeployer - Done scanning for resources matching [classpath*:/activiti/acm*.bpmn20.xml,classpath*:/activiti/ArkCase*.bpmn20.xml,classpath*:/activiti/DefaultComplaint*.bpmn20.xml,classpath*:/activiti/Corrective*.bpmn20.xml,classpath*:/activiti/Media*.bpmn20.xml]
[m[32m<TIMESTAMP>,123 [INFO ] [main] org.springframework.scheduling.quartz.LocalDataSourceJobStore - ClusterManager: Scanning for instance "reverse-code-generator-a5b1ff61-hnd9l<EPOCH-MS>"'s failed in-progress jobs.
----- end region -----
