startup-log-region: spring-context.log
region-describes: Spring context initialisation, including the aspect auto-proxying that AAP 0.9.4 requires to be observed
region-mandatory: yes
region-pattern: ContextLoader|Root WebApplicationContext|Initializing Spring|Refreshing .*ApplicationContext|AnnotationAwareAspectJAutoProxy|aspectj|DispatcherServlet|Initializing Servlet
region-pattern-flags: grep -E -i, applied to the extracted window only
window-source: /tmp/blitzy/ArkCase/blitzy-<UUID>-w-053_196589/.blitzy-scratch/rt/base8/tomcat/logs/catalina.out
window-source-sha256: 0a51ca969c869010ae5400b9cbf5ffda28a6a2e2f49ea00182a81ad1a473980f
window-boots-present-in-source: 1
window-sha256: c29de8db1d50b9844782be88aabd1b39fffde42336b66def88ab4123022dd4b3
window-start-line: 1
window-end-line: 2731
window-start-byte-offset: 0
window-end-byte-offset: 603956
window-lines: 2731
matched-lines: 4
line-cap: 8000
capture-truncated: no
----- region -----
[32m<TIMESTAMP>,282 [INFO ] [main] org.springframework.web.context.ContextLoader - Root WebApplicationContext: initialization started
[m[32m<TIMESTAMP>,291 [INFO ] [main] org.springframework.web.context.ContextLoader - Root WebApplicationContext initialized in 105000 ms
[m[32m<TIMESTAMP>,637 [INFO ] [main] org.springframework.web.servlet.DispatcherServlet - Initializing Servlet 'Spring MVC Dispatcher Servlet'
[m[32m<TIMESTAMP>,154 [INFO ] [main] org.springframework.web.servlet.DispatcherServlet - Completed initialization in 57517 ms
----- end region -----
