===== attempt-1 =====
request-method: GET
request-url: https://arkcase-ce.local/arkcase/
auth-mode: anon
observed-http-status: 000
observed-content-type: unknown
observed-body-bytes: 0
observed-session-cookie: absent
tls-verification-state: verified-system
transport-exit-status-observed: 6
observed-body-sha256: empty-body
observed-body-shape: empty
observed-body-lines: 0
----- allowlisted-body-fields -----
  (empty body)
----- end allowlisted-body-fields -----
correlation-token-present-in-body: no
raw-body: not captured (allowlisted fields and a digest are recorded instead)
----- transport-diagnostics -----
curl: (6) Could not resolve host: arkcase-ce.local
----- end transport-diagnostics -----
----- allowlisted-response-headers -----
  (none)
----- end allowlisted-response-headers -----

===== attempt-2 =====
request-method: GET
request-url: https://arkcase-ce.local/arkcase/
auth-mode: anon
observed-http-status: 000
observed-content-type: unknown
observed-body-bytes: 0
observed-session-cookie: absent
tls-verification-state: verified-system
transport-exit-status-observed: 6
observed-body-sha256: empty-body
observed-body-shape: empty
observed-body-lines: 0
----- allowlisted-body-fields -----
  (empty body)
----- end allowlisted-body-fields -----
correlation-token-present-in-body: no
raw-body: not captured (allowlisted fields and a digest are recorded instead)
----- transport-diagnostics -----
curl: (6) Could not resolve host: arkcase-ce.local
----- end transport-diagnostics -----
----- allowlisted-response-headers -----
  (none)
----- end allowlisted-response-headers -----

