flow: 1
slug: 1-login
title: authenticated login and authorization result

===== anonymous =====
request-method: GET
request-url: https://arkcase-ce.local/arkcase/api/latest/plugin/admin/businessHours
auth-mode: anon
observed-http-status: 000
observed-content-type: unknown
observed-body-bytes: 0
observed-session-cookie: absent
tls-verification-state: verified-system
transport-exit-status-observed: 6
observed-body-sha256: empty-body
observed-body-shape: empty
observed-body-lines: 0
----- allowlisted-body-fields -----
  (empty body)
----- end allowlisted-body-fields -----
correlation-token-present-in-body: no
raw-body: not captured (allowlisted fields and a digest are recorded instead)
----- transport-diagnostics -----
curl: (6) Could not resolve host: arkcase-ce.local
----- end transport-diagnostics -----
----- allowlisted-response-headers -----
  (none)
----- end allowlisted-response-headers -----

===== authenticated =====
request-method: GET
request-url: https://arkcase-ce.local/arkcase/api/latest/plugin/admin/businessHours
auth-mode: basic
observed-http-status: 000
observed-content-type: unknown
observed-body-bytes: 0
observed-session-cookie: absent
tls-verification-state: verified-system
transport-exit-status-observed: 6
observed-body-sha256: empty-body
observed-body-shape: empty
observed-body-lines: 0
----- allowlisted-body-fields -----
  (empty body)
----- end allowlisted-body-fields -----
correlation-token-present-in-body: no
raw-body: not captured (allowlisted fields and a digest are recorded instead)
----- transport-diagnostics -----
curl: (6) Could not resolve host: arkcase-ce.local
----- end transport-diagnostics -----
----- allowlisted-response-headers -----
  (none)
----- end allowlisted-response-headers -----

===== authenticated (SKIPPED) =====
SKIPPED
reason: no HTTP response from https://arkcase-ce.local/arkcase/api/latest/plugin/admin/businessHours
note: this flow could not be executed.  The record is deliberate: an
  unexecuted flow is reported rather than omitted, so that the
  eight-flow completion condition stays verifiable and the gap is
  visible in a directory diff (R-5).

