===== solr =====
request-method: GET
request-url: https://arkcase-ce.local/solr
auth-mode: anon
redirects-followed: 0
redirect-target-reported: (none)
transport-trust-mode: verify-default-trust-store
certificate-verification-result: 0
http-version: 0
observed-http-status: 000
observed-content-type: unknown
observed-content-length: (none reported)
observed-body-bytes: 0
observed-body-form: text
observed-body-sha256: (not computed for a textual body)
observed-session-cookie: absent
capture-body-truncated: no
capture-headers-truncated: no
capture-diagnostics-truncated: no
transport-exit-status-observed: 6
----- body -----
(empty)
----- end body -----
----- transport-diagnostics -----
curl: (6) Could not resolve host: arkcase-ce.local

----- end transport-diagnostics -----
----- response-headers -----
(none)
----- end response-headers -----

===== alfresco-share =====
request-method: GET
request-url: https://arkcase-ce.local/share
auth-mode: anon
redirects-followed: 0
redirect-target-reported: (none)
transport-trust-mode: verify-default-trust-store
certificate-verification-result: 0
http-version: 0
observed-http-status: 000
observed-content-type: unknown
observed-content-length: (none reported)
observed-body-bytes: 0
observed-body-form: text
observed-body-sha256: (not computed for a textual body)
observed-session-cookie: absent
capture-body-truncated: no
capture-headers-truncated: no
capture-diagnostics-truncated: no
transport-exit-status-observed: 6
----- body -----
(empty)
----- end body -----
----- transport-diagnostics -----
curl: (6) Could not resolve host: arkcase-ce.local

----- end transport-diagnostics -----
----- response-headers -----
(none)
----- end response-headers -----

===== pentaho =====
request-method: GET
request-url: https://arkcase-ce.local/pentaho
auth-mode: anon
redirects-followed: 0
redirect-target-reported: (none)
transport-trust-mode: verify-default-trust-store
certificate-verification-result: 0
http-version: 0
observed-http-status: 000
observed-content-type: unknown
observed-content-length: (none reported)
observed-body-bytes: 0
observed-body-form: text
observed-body-sha256: (not computed for a textual body)
observed-session-cookie: absent
capture-body-truncated: no
capture-headers-truncated: no
capture-diagnostics-truncated: no
transport-exit-status-observed: 6
----- body -----
(empty)
----- end body -----
----- transport-diagnostics -----
curl: (6) Could not resolve host: arkcase-ce.local

----- end transport-diagnostics -----
----- response-headers -----
(none)
----- end response-headers -----

===== virtualviewer =====
request-method: GET
request-url: https://arkcase-ce.local/VirtualViewerJavaHTML5
auth-mode: anon
redirects-followed: 0
redirect-target-reported: (none)
transport-trust-mode: verify-default-trust-store
certificate-verification-result: 0
http-version: 0
observed-http-status: 000
observed-content-type: unknown
observed-content-length: (none reported)
observed-body-bytes: 0
observed-body-form: text
observed-body-sha256: (not computed for a textual body)
observed-session-cookie: absent
capture-body-truncated: no
capture-headers-truncated: no
capture-diagnostics-truncated: no
transport-exit-status-observed: 6
----- body -----
(empty)
----- end body -----
----- transport-diagnostics -----
curl: (6) Could not resolve host: arkcase-ce.local

----- end transport-diagnostics -----
----- response-headers -----
(none)
----- end response-headers -----

