startup-log-region: readiness-poll.log
region-describes: container readiness: deployment completion and the startup-completed line the window closes on
region-mandatory: yes
region-pattern: Server startup in|Deployment of web application|has finished in|Deploying web application|Starting ProtocolHandler|Initializing ProtocolHandler
region-pattern-flags: grep -E -i, applied to the extracted window only
window-source: <REPO-ROOT>/.blitzy-scratch/rt/mig/tomcat/logs/catalina.out
window-source-sha256: a1aa8e7adf21e001c3799930cc329c902726b3af646cabad4cc4f3ff2a9687f2
window-boots-present-in-source: 1
window-sha256: 595de21779d66fe116127ff88d4b465de96a3fb27f9a15ef3d18b71cce003100
window-start-line: 2
window-end-line: 2803
window-start-byte-offset: 374
window-end-byte-offset: 621377
window-lines: 2802
matched-lines: 5
line-cap: 8000
capture-truncated: no
----- region -----
08-Aug-2026 04:56:16.311 INFO [main] org.apache.coyote.AbstractProtocol.init Initializing ProtocolHandler ["http-nio-53080"]
08-Aug-2026 04:56:16.368 INFO [main] org.apache.catalina.startup.HostConfig.deployWAR Deploying web application archive [<REPO-ROOT>/.blitzy-scratch/rt/mig/tomcat/webapps/arkcase.war]
[m08-Aug-2026 04:58:58.831 INFO [main] org.apache.catalina.startup.HostConfig.deployWAR Deployment of web application archive [<REPO-ROOT>/.blitzy-scratch/rt/mig/tomcat/webapps/arkcase.war] has finished in [162,460] ms
08-Aug-2026 04:58:58.833 INFO [main] org.apache.coyote.AbstractProtocol.start Starting ProtocolHandler ["http-nio-53080"]
08-Aug-2026 04:58:58.840 INFO [main] org.apache.catalina.startup.Catalina.start Server startup in [162514] milliseconds
----- end region -----
