startup-log-region: spring-context.log
region-describes: Spring context initialisation, including the aspect auto-proxying that AAP 0.9.4 requires to be observed
region-mandatory: yes
region-pattern: ContextLoader|Root WebApplicationContext|Initializing Spring|Refreshing .*ApplicationContext|AnnotationAwareAspectJAutoProxy|aspectj|DispatcherServlet|Initializing Servlet
region-pattern-flags: grep -E -i, applied to the extracted window only
window-source: <REPO-ROOT>/.blitzy-scratch/rt/mig/tomcat/logs/catalina.out
window-source-sha256: a1aa8e7adf21e001c3799930cc329c902726b3af646cabad4cc4f3ff2a9687f2
window-boots-present-in-source: 1
window-sha256: 595de21779d66fe116127ff88d4b465de96a3fb27f9a15ef3d18b71cce003100
window-start-line: 2
window-end-line: 2803
window-start-byte-offset: 374
window-end-byte-offset: 621377
window-lines: 2802
matched-lines: 4
line-cap: 8000
capture-truncated: no
----- region -----
[32m<TIMESTAMP>,510 [INFO ] [main] org.springframework.web.context.ContextLoader - Root WebApplicationContext: initialization started
[m[32m<TIMESTAMP>,128 [INFO ] [main] org.springframework.web.context.ContextLoader - Root WebApplicationContext initialized in 80611 ms
[m[32m<TIMESTAMP>,361 [INFO ] [main] org.springframework.web.servlet.DispatcherServlet - Initializing Servlet 'Spring MVC Dispatcher Servlet'
[m[32m<TIMESTAMP>,813 [INFO ] [main] org.springframework.web.servlet.DispatcherServlet - Completed initialization in 78452 ms
----- end region -----
