startup-log-region: messaging-init.log
region-describes: messaging broker initialisation, for flows 3 and 5
region-mandatory: yes
region-pattern: activemq|jms|broker|BrokerService|TransportConnector|camel
region-pattern-flags: grep -E -i, applied to the extracted window only
window-source: /opt/tomcat/current/logs/catalina.out
window-source-sha256: 1581c892796e20ced0c0794c820691c049f388b1289efa0819de6ce73f15f0c1
window-boots-present-in-source: 1
window-sha256: 62917e5d4a84290b6d2ebb6c2eea2a399794d09108320f9fe43b47104c9bf731
window-start-line: 1
window-end-line: 32062
window-start-byte-offset: 0
window-end-byte-offset: 9273924
window-lines: 32062
matched-lines: 280
line-cap: 2000
capture-truncated: no
----- region -----
[m[36m<TIMESTAMP>,310 [DEBUG] [main] com.armedia.acm.files.propertymanager.PropertyFileManager - Properties loaded from [camel-config-opencmis-cmis.properties]
[m[36m<TIMESTAMP>,323 [DEBUG] [main] com.armedia.acm.files.propertymanager.PropertyFileManager - Properties loaded from [camel-config-alfresco-cmis.properties]
[m[36m<TIMESTAMP>,325 [DEBUG] [main] com.armedia.acm.camelcontext.context.CamelContextManager - Number of repository configurations: [2]
[m[36m<TIMESTAMP>,325 [DEBUG] [main] com.armedia.acm.camelcontext.context.CamelContextManager - Starting Camel context
[m[32m<TIMESTAMP>,364 [INFO ] [main] org.apache.camel.support.LRUCacheFactory - Detected and using LRUCacheFactory: camel-caffeine-lrucache
[m[36m<TIMESTAMP>,415 [DEBUG] [main] com.armedia.acm.camelcontext.context.CamelContextManager - Number of ArkCase-routes classes retrieved by reflection=15
[m[36m<TIMESTAMP>,416 [DEBUG] [main] com.armedia.acm.camelcontext.context.CamelContextManager - Create routes for [alfresco]
[m[36m<TIMESTAMP>,420 [DEBUG] [main] com.armedia.acm.camelcontext.context.CamelContextManager - Current route=[class com.armedia.acm.camelcontext.flow.route.CreateDocumentRoute] instanceOf ArkCaseAbstractRoute = [true]
[m[36m<TIMESTAMP>,420 [DEBUG] [main] com.armedia.acm.camelcontext.context.CamelContextManager - Trying to add route=[class com.armedia.acm.camelcontext.flow.route.CreateDocumentRoute] to camel context
[m[36m<TIMESTAMP>,466 [DEBUG] [main] com.armedia.acm.camelcontext.context.CamelContextManager - Successfully added route=[class com.armedia.acm.camelcontext.flow.route.CreateDocumentRoute] to camel context
[m[36m<TIMESTAMP>,466 [DEBUG] [main] com.armedia.acm.camelcontext.context.CamelContextManager - Current number of routes:[0]
[m[36m<TIMESTAMP>,466 [DEBUG] [main] com.armedia.acm.camelcontext.context.CamelContextManager - Current route=[class com.armedia.acm.camelcontext.flow.route.UpdateDocumentRoute] instanceOf ArkCaseAbstractRoute = [true]
[m[36m<TIMESTAMP>,466 [DEBUG] [main] com.armedia.acm.camelcontext.context.CamelContextManager - Trying to add route=[class com.armedia.acm.camelcontext.flow.route.UpdateDocumentRoute] to camel context
[m[36m<TIMESTAMP>,468 [DEBUG] [main] com.armedia.acm.camelcontext.context.CamelContextManager - Successfully added route=[class com.armedia.acm.camelcontext.flow.route.UpdateDocumentRoute] to camel context
[m[36m<TIMESTAMP>,468 [DEBUG] [main] com.armedia.acm.camelcontext.context.CamelContextManager - Current number of routes:[0]
[m[36m<TIMESTAMP>,468 [DEBUG] [main] com.armedia.acm.camelcontext.context.CamelContextManager - Current route=[class com.armedia.acm.camelcontext.flow.route.GetObjectByIdRoute] instanceOf ArkCaseAbstractRoute = [true]
[m[36m<TIMESTAMP>,468 [DEBUG] [main] com.armedia.acm.camelcontext.context.CamelContextManager - Trying to add route=[class com.armedia.acm.camelcontext.flow.route.GetObjectByIdRoute] to camel context
[m[36m<TIMESTAMP>,469 [DEBUG] [main] com.armedia.acm.camelcontext.context.CamelContextManager - Successfully added route=[class com.armedia.acm.camelcontext.flow.route.GetObjectByIdRoute] to camel context
[m[36m<TIMESTAMP>,469 [DEBUG] [main] com.armedia.acm.camelcontext.context.CamelContextManager - Current number of routes:[0]
[m[36m<TIMESTAMP>,469 [DEBUG] [main] com.armedia.acm.camelcontext.context.CamelContextManager - Current route=[class com.armedia.acm.camelcontext.flow.route.DeleteFolderRoute] instanceOf ArkCaseAbstractRoute = [true]
[m[36m<TIMESTAMP>,469 [DEBUG] [main] com.armedia.acm.camelcontext.context.CamelContextManager - Trying to add route=[class com.armedia.acm.camelcontext.flow.route.DeleteFolderRoute] to camel context
[m[36m<TIMESTAMP>,470 [DEBUG] [main] com.armedia.acm.camelcontext.context.CamelContextManager - Successfully added route=[class com.armedia.acm.camelcontext.flow.route.DeleteFolderRoute] to camel context
[m[36m<TIMESTAMP>,470 [DEBUG] [main] com.armedia.acm.camelcontext.context.CamelContextManager - Current number of routes:[0]
[m[36m<TIMESTAMP>,470 [DEBUG] [main] com.armedia.acm.camelcontext.context.CamelContextManager - Current route=[class com.armedia.acm.camelcontext.flow.route.GetOrCreateFolderRoute] instanceOf ArkCaseAbstractRoute = [true]
[m[36m<TIMESTAMP>,470 [DEBUG] [main] com.armedia.acm.camelcontext.context.CamelContextManager - Trying to add route=[class com.armedia.acm.camelcontext.flow.route.GetOrCreateFolderRoute] to camel context
[m[36m<TIMESTAMP>,473 [DEBUG] [main] com.armedia.acm.camelcontext.context.CamelContextManager - Successfully added route=[class com.armedia.acm.camelcontext.flow.route.GetOrCreateFolderRoute] to camel context
[m[36m<TIMESTAMP>,473 [DEBUG] [main] com.armedia.acm.camelcontext.context.CamelContextManager - Current number of routes:[0]
[m[36m<TIMESTAMP>,473 [DEBUG] [main] com.armedia.acm.camelcontext.context.CamelContextManager - Current route=[class com.armedia.acm.camelcontext.flow.route.GetObjectByPathRoute] instanceOf ArkCaseAbstractRoute = [true]
[m[36m<TIMESTAMP>,473 [DEBUG] [main] com.armedia.acm.camelcontext.context.CamelContextManager - Trying to add route=[class com.armedia.acm.camelcontext.flow.route.GetObjectByPathRoute] to camel context
[m[36m<TIMESTAMP>,474 [DEBUG] [main] com.armedia.acm.camelcontext.context.CamelContextManager - Successfully added route=[class com.armedia.acm.camelcontext.flow.route.GetObjectByPathRoute] to camel context
[m[36m<TIMESTAMP>,474 [DEBUG] [main] com.armedia.acm.camelcontext.context.CamelContextManager - Current number of routes:[0]
[m[36m<TIMESTAMP>,474 [DEBUG] [main] com.armedia.acm.camelcontext.context.CamelContextManager - Current route=[class com.armedia.acm.camelcontext.flow.route.CopyDocumentRoute] instanceOf ArkCaseAbstractRoute = [true]
[m[36m<TIMESTAMP>,474 [DEBUG] [main] com.armedia.acm.camelcontext.context.CamelContextManager - Trying to add route=[class com.armedia.acm.camelcontext.flow.route.CopyDocumentRoute] to camel context
[m[36m<TIMESTAMP>,475 [DEBUG] [main] com.armedia.acm.camelcontext.context.CamelContextManager - Successfully added route=[class com.armedia.acm.camelcontext.flow.route.CopyDocumentRoute] to camel context
[m[36m<TIMESTAMP>,475 [DEBUG] [main] com.armedia.acm.camelcontext.context.CamelContextManager - Current number of routes:[0]
[m[36m<TIMESTAMP>,475 [DEBUG] [main] com.armedia.acm.camelcontext.context.CamelContextManager - Current route=[class com.armedia.acm.camelcontext.flow.route.ListFolderRoute] instanceOf ArkCaseAbstractRoute = [true]
[m[36m<TIMESTAMP>,475 [DEBUG] [main] com.armedia.acm.camelcontext.context.CamelContextManager - Trying to add route=[class com.armedia.acm.camelcontext.flow.route.ListFolderRoute] to camel context
[m[36m<TIMESTAMP>,476 [DEBUG] [main] com.armedia.acm.camelcontext.context.CamelContextManager - Successfully added route=[class com.armedia.acm.camelcontext.flow.route.ListFolderRoute] to camel context
[m[36m<TIMESTAMP>,476 [DEBUG] [main] com.armedia.acm.camelcontext.context.CamelContextManager - Current number of routes:[0]
[m[36m<TIMESTAMP>,476 [DEBUG] [main] com.armedia.acm.camelcontext.context.CamelContextManager - Current route=[class com.armedia.acm.camelcontext.flow.route.MoveFolderRoute] instanceOf ArkCaseAbstractRoute = [true]
[m[36m<TIMESTAMP>,476 [DEBUG] [main] com.armedia.acm.camelcontext.context.CamelContextManager - Trying to add route=[class com.armedia.acm.camelcontext.flow.route.MoveFolderRoute] to camel context
[m[36m<TIMESTAMP>,477 [DEBUG] [main] com.armedia.acm.camelcontext.context.CamelContextManager - Successfully added route=[class com.armedia.acm.camelcontext.flow.route.MoveFolderRoute] to camel context
[m[36m<TIMESTAMP>,477 [DEBUG] [main] com.armedia.acm.camelcontext.context.CamelContextManager - Current number of routes:[0]
[m[36m<TIMESTAMP>,477 [DEBUG] [main] com.armedia.acm.camelcontext.context.CamelContextManager - Current route=[class com.armedia.acm.camelcontext.flow.route.CreateFolderRoute] instanceOf ArkCaseAbstractRoute = [true]
[m[36m<TIMESTAMP>,477 [DEBUG] [main] com.armedia.acm.camelcontext.context.CamelContextManager - Trying to add route=[class com.armedia.acm.camelcontext.flow.route.CreateFolderRoute] to camel context
[m[36m<TIMESTAMP>,478 [DEBUG] [main] com.armedia.acm.camelcontext.context.CamelContextManager - Successfully added route=[class com.armedia.acm.camelcontext.flow.route.CreateFolderRoute] to camel context
[m[36m<TIMESTAMP>,478 [DEBUG] [main] com.armedia.acm.camelcontext.context.CamelContextManager - Current number of routes:[0]
[m[36m<TIMESTAMP>,478 [DEBUG] [main] com.armedia.acm.camelcontext.context.CamelContextManager - Current route=[class com.armedia.acm.camelcontext.flow.route.MoveDocumentRoute] instanceOf ArkCaseAbstractRoute = [true]
[m[36m<TIMESTAMP>,478 [DEBUG] [main] com.armedia.acm.camelcontext.context.CamelContextManager - Trying to add route=[class com.armedia.acm.camelcontext.flow.route.MoveDocumentRoute] to camel context
[m[36m<TIMESTAMP>,479 [DEBUG] [main] com.armedia.acm.camelcontext.context.CamelContextManager - Successfully added route=[class com.armedia.acm.camelcontext.flow.route.MoveDocumentRoute] to camel context
[m[36m<TIMESTAMP>,479 [DEBUG] [main] com.armedia.acm.camelcontext.context.CamelContextManager - Current number of routes:[0]
[m[36m<TIMESTAMP>,479 [DEBUG] [main] com.armedia.acm.camelcontext.context.CamelContextManager - Current route=[class com.armedia.acm.camelcontext.flow.route.GetFolderRoute] instanceOf ArkCaseAbstractRoute = [true]
[m[36m<TIMESTAMP>,479 [DEBUG] [main] com.armedia.acm.camelcontext.context.CamelContextManager - Trying to add route=[class com.armedia.acm.camelcontext.flow.route.GetFolderRoute] to camel context
[m[36m<TIMESTAMP>,480 [DEBUG] [main] com.armedia.acm.camelcontext.context.CamelContextManager - Successfully added route=[class com.armedia.acm.camelcontext.flow.route.GetFolderRoute] to camel context
[m[36m<TIMESTAMP>,480 [DEBUG] [main] com.armedia.acm.camelcontext.context.CamelContextManager - Current number of routes:[0]
[m[36m<TIMESTAMP>,480 [DEBUG] [main] com.armedia.acm.camelcontext.context.CamelContextManager - Current route=[class com.armedia.acm.camelcontext.flow.route.DeleteDocumentRoute] instanceOf ArkCaseAbstractRoute = [true]
[m[36m<TIMESTAMP>,480 [DEBUG] [main] com.armedia.acm.camelcontext.context.CamelContextManager - Trying to add route=[class com.armedia.acm.camelcontext.flow.route.DeleteDocumentRoute] to camel context
[m[36m<TIMESTAMP>,481 [DEBUG] [main] com.armedia.acm.camelcontext.context.CamelContextManager - Successfully added route=[class com.armedia.acm.camelcontext.flow.route.DeleteDocumentRoute] to camel context
[m[36m<TIMESTAMP>,481 [DEBUG] [main] com.armedia.acm.camelcontext.context.CamelContextManager - Current number of routes:[0]
[m[36m<TIMESTAMP>,481 [DEBUG] [main] com.armedia.acm.camelcontext.context.CamelContextManager - Current route=[class com.armedia.acm.camelcontext.flow.route.DownloadDocumentRoute] instanceOf ArkCaseAbstractRoute = [true]
[m[36m<TIMESTAMP>,481 [DEBUG] [main] com.armedia.acm.camelcontext.context.CamelContextManager - Trying to add route=[class com.armedia.acm.camelcontext.flow.route.DownloadDocumentRoute] to camel context
[m[36m<TIMESTAMP>,482 [DEBUG] [main] com.armedia.acm.camelcontext.context.CamelContextManager - Successfully added route=[class com.armedia.acm.camelcontext.flow.route.DownloadDocumentRoute] to camel context
[m[36m<TIMESTAMP>,482 [DEBUG] [main] com.armedia.acm.camelcontext.context.CamelContextManager - Current number of routes:[0]
[m[36m<TIMESTAMP>,482 [DEBUG] [main] com.armedia.acm.camelcontext.context.CamelContextManager - Current route=[class com.armedia.acm.camelcontext.flow.route.RenameDocumentRoute] instanceOf ArkCaseAbstractRoute = [true]
[m[36m<TIMESTAMP>,482 [DEBUG] [main] com.armedia.acm.camelcontext.context.CamelContextManager - Trying to add route=[class com.armedia.acm.camelcontext.flow.route.RenameDocumentRoute] to camel context
[m[36m<TIMESTAMP>,483 [DEBUG] [main] com.armedia.acm.camelcontext.context.CamelContextManager - Successfully added route=[class com.armedia.acm.camelcontext.flow.route.RenameDocumentRoute] to camel context
[m[36m<TIMESTAMP>,483 [DEBUG] [main] com.armedia.acm.camelcontext.context.CamelContextManager - Current number of routes:[0]
[m[36m<TIMESTAMP>,483 [DEBUG] [main] com.armedia.acm.camelcontext.context.CamelContextManager - Create routes for [opencmis]
[m[36m<TIMESTAMP>,483 [DEBUG] [main] com.armedia.acm.camelcontext.context.CamelContextManager - Current route=[class com.armedia.acm.camelcontext.flow.route.CreateDocumentRoute] instanceOf ArkCaseAbstractRoute = [true]
[m[36m<TIMESTAMP>,483 [DEBUG] [main] com.armedia.acm.camelcontext.context.CamelContextManager - Trying to add route=[class com.armedia.acm.camelcontext.flow.route.CreateDocumentRoute] to camel context
[m[36m<TIMESTAMP>,483 [DEBUG] [main] com.armedia.acm.camelcontext.context.CamelContextManager - Successfully added route=[class com.armedia.acm.camelcontext.flow.route.CreateDocumentRoute] to camel context
[m[36m<TIMESTAMP>,483 [DEBUG] [main] com.armedia.acm.camelcontext.context.CamelContextManager - Current number of routes:[0]
[m[36m<TIMESTAMP>,483 [DEBUG] [main] com.armedia.acm.camelcontext.context.CamelContextManager - Current route=[class com.armedia.acm.camelcontext.flow.route.UpdateDocumentRoute] instanceOf ArkCaseAbstractRoute = [true]
[m[36m<TIMESTAMP>,483 [DEBUG] [main] com.armedia.acm.camelcontext.context.CamelContextManager - Trying to add route=[class com.armedia.acm.camelcontext.flow.route.UpdateDocumentRoute] to camel context
[m[36m<TIMESTAMP>,484 [DEBUG] [main] com.armedia.acm.camelcontext.context.CamelContextManager - Successfully added route=[class com.armedia.acm.camelcontext.flow.route.UpdateDocumentRoute] to camel context
[m[36m<TIMESTAMP>,484 [DEBUG] [main] com.armedia.acm.camelcontext.context.CamelContextManager - Current number of routes:[0]
[m[36m<TIMESTAMP>,484 [DEBUG] [main] com.armedia.acm.camelcontext.context.CamelContextManager - Current route=[class com.armedia.acm.camelcontext.flow.route.GetObjectByIdRoute] instanceOf ArkCaseAbstractRoute = [true]
[m[36m<TIMESTAMP>,484 [DEBUG] [main] com.armedia.acm.camelcontext.context.CamelContextManager - Trying to add route=[class com.armedia.acm.camelcontext.flow.route.GetObjectByIdRoute] to camel context
[m[36m<TIMESTAMP>,484 [DEBUG] [main] com.armedia.acm.camelcontext.context.CamelContextManager - Successfully added route=[class com.armedia.acm.camelcontext.flow.route.GetObjectByIdRoute] to camel context
[m[36m<TIMESTAMP>,484 [DEBUG] [main] com.armedia.acm.camelcontext.context.CamelContextManager - Current number of routes:[0]
[m[36m<TIMESTAMP>,484 [DEBUG] [main] com.armedia.acm.camelcontext.context.CamelContextManager - Current route=[class com.armedia.acm.camelcontext.flow.route.DeleteFolderRoute] instanceOf ArkCaseAbstractRoute = [true]
[m[36m<TIMESTAMP>,484 [DEBUG] [main] com.armedia.acm.camelcontext.context.CamelContextManager - Trying to add route=[class com.armedia.acm.camelcontext.flow.route.DeleteFolderRoute] to camel context
[m[36m<TIMESTAMP>,484 [DEBUG] [main] com.armedia.acm.camelcontext.context.CamelContextManager - Successfully added route=[class com.armedia.acm.camelcontext.flow.route.DeleteFolderRoute] to camel context
[m[36m<TIMESTAMP>,484 [DEBUG] [main] com.armedia.acm.camelcontext.context.CamelContextManager - Current number of routes:[0]
[m[36m<TIMESTAMP>,485 [DEBUG] [main] com.armedia.acm.camelcontext.context.CamelContextManager - Current route=[class com.armedia.acm.camelcontext.flow.route.GetOrCreateFolderRoute] instanceOf ArkCaseAbstractRoute = [true]
[m[36m<TIMESTAMP>,485 [DEBUG] [main] com.armedia.acm.camelcontext.context.CamelContextManager - Trying to add route=[class com.armedia.acm.camelcontext.flow.route.GetOrCreateFolderRoute] to camel context
[m[36m<TIMESTAMP>,485 [DEBUG] [main] com.armedia.acm.camelcontext.context.CamelContextManager - Successfully added route=[class com.armedia.acm.camelcontext.flow.route.GetOrCreateFolderRoute] to camel context
[m[36m<TIMESTAMP>,485 [DEBUG] [main] com.armedia.acm.camelcontext.context.CamelContextManager - Current number of routes:[0]
[m[36m<TIMESTAMP>,485 [DEBUG] [main] com.armedia.acm.camelcontext.context.CamelContextManager - Current route=[class com.armedia.acm.camelcontext.flow.route.GetObjectByPathRoute] instanceOf ArkCaseAbstractRoute = [true]
[m[36m<TIMESTAMP>,485 [DEBUG] [main] com.armedia.acm.camelcontext.context.CamelContextManager - Trying to add route=[class com.armedia.acm.camelcontext.flow.route.GetObjectByPathRoute] to camel context
[m[36m<TIMESTAMP>,485 [DEBUG] [main] com.armedia.acm.camelcontext.context.CamelContextManager - Successfully added route=[class com.armedia.acm.camelcontext.flow.route.GetObjectByPathRoute] to camel context
[m[36m<TIMESTAMP>,485 [DEBUG] [main] com.armedia.acm.camelcontext.context.CamelContextManager - Current number of routes:[0]
[m[36m<TIMESTAMP>,485 [DEBUG] [main] com.armedia.acm.camelcontext.context.CamelContextManager - Current route=[class com.armedia.acm.camelcontext.flow.route.CopyDocumentRoute] instanceOf ArkCaseAbstractRoute = [true]
[m[36m<TIMESTAMP>,485 [DEBUG] [main] com.armedia.acm.camelcontext.context.CamelContextManager - Trying to add route=[class com.armedia.acm.camelcontext.flow.route.CopyDocumentRoute] to camel context
[m[36m<TIMESTAMP>,486 [DEBUG] [main] com.armedia.acm.camelcontext.context.CamelContextManager - Successfully added route=[class com.armedia.acm.camelcontext.flow.route.CopyDocumentRoute] to camel context
[m[36m<TIMESTAMP>,486 [DEBUG] [main] com.armedia.acm.camelcontext.context.CamelContextManager - Current number of routes:[0]
[m[36m<TIMESTAMP>,486 [DEBUG] [main] com.armedia.acm.camelcontext.context.CamelContextManager - Current route=[class com.armedia.acm.camelcontext.flow.route.ListFolderRoute] instanceOf ArkCaseAbstractRoute = [true]
[m[36m<TIMESTAMP>,486 [DEBUG] [main] com.armedia.acm.camelcontext.context.CamelContextManager - Trying to add route=[class com.armedia.acm.camelcontext.flow.route.ListFolderRoute] to camel context
[m[36m<TIMESTAMP>,486 [DEBUG] [main] com.armedia.acm.camelcontext.context.CamelContextManager - Successfully added route=[class com.armedia.acm.camelcontext.flow.route.ListFolderRoute] to camel context
[m[36m<TIMESTAMP>,486 [DEBUG] [main] com.armedia.acm.camelcontext.context.CamelContextManager - Current number of routes:[0]
[m[36m<TIMESTAMP>,486 [DEBUG] [main] com.armedia.acm.camelcontext.context.CamelContextManager - Current route=[class com.armedia.acm.camelcontext.flow.route.MoveFolderRoute] instanceOf ArkCaseAbstractRoute = [true]
[m[36m<TIMESTAMP>,486 [DEBUG] [main] com.armedia.acm.camelcontext.context.CamelContextManager - Trying to add route=[class com.armedia.acm.camelcontext.flow.route.MoveFolderRoute] to camel context
[m[36m<TIMESTAMP>,486 [DEBUG] [main] com.armedia.acm.camelcontext.context.CamelContextManager - Successfully added route=[class com.armedia.acm.camelcontext.flow.route.MoveFolderRoute] to camel context
[m[36m<TIMESTAMP>,486 [DEBUG] [main] com.armedia.acm.camelcontext.context.CamelContextManager - Current number of routes:[0]
[m[36m<TIMESTAMP>,487 [DEBUG] [main] com.armedia.acm.camelcontext.context.CamelContextManager - Current route=[class com.armedia.acm.camelcontext.flow.route.CreateFolderRoute] instanceOf ArkCaseAbstractRoute = [true]
[m[36m<TIMESTAMP>,487 [DEBUG] [main] com.armedia.acm.camelcontext.context.CamelContextManager - Trying to add route=[class com.armedia.acm.camelcontext.flow.route.CreateFolderRoute] to camel context
[m[36m<TIMESTAMP>,487 [DEBUG] [main] com.armedia.acm.camelcontext.context.CamelContextManager - Successfully added route=[class com.armedia.acm.camelcontext.flow.route.CreateFolderRoute] to camel context
[m[36m<TIMESTAMP>,487 [DEBUG] [main] com.armedia.acm.camelcontext.context.CamelContextManager - Current number of routes:[0]
[m[36m<TIMESTAMP>,487 [DEBUG] [main] com.armedia.acm.camelcontext.context.CamelContextManager - Current route=[class com.armedia.acm.camelcontext.flow.route.MoveDocumentRoute] instanceOf ArkCaseAbstractRoute = [true]
[m[36m<TIMESTAMP>,487 [DEBUG] [main] com.armedia.acm.camelcontext.context.CamelContextManager - Trying to add route=[class com.armedia.acm.camelcontext.flow.route.MoveDocumentRoute] to camel context
[m[36m<TIMESTAMP>,488 [DEBUG] [main] com.armedia.acm.camelcontext.context.CamelContextManager - Successfully added route=[class com.armedia.acm.camelcontext.flow.route.MoveDocumentRoute] to camel context
[m[36m<TIMESTAMP>,488 [DEBUG] [main] com.armedia.acm.camelcontext.context.CamelContextManager - Current number of routes:[0]
[m[36m<TIMESTAMP>,488 [DEBUG] [main] com.armedia.acm.camelcontext.context.CamelContextManager - Current route=[class com.armedia.acm.camelcontext.flow.route.GetFolderRoute] instanceOf ArkCaseAbstractRoute = [true]
[m[36m<TIMESTAMP>,488 [DEBUG] [main] com.armedia.acm.camelcontext.context.CamelContextManager - Trying to add route=[class com.armedia.acm.camelcontext.flow.route.GetFolderRoute] to camel context
[m[36m<TIMESTAMP>,488 [DEBUG] [main] com.armedia.acm.camelcontext.context.CamelContextManager - Successfully added route=[class com.armedia.acm.camelcontext.flow.route.GetFolderRoute] to camel context
[m[36m<TIMESTAMP>,488 [DEBUG] [main] com.armedia.acm.camelcontext.context.CamelContextManager - Current number of routes:[0]
[m[36m<TIMESTAMP>,488 [DEBUG] [main] com.armedia.acm.camelcontext.context.CamelContextManager - Current route=[class com.armedia.acm.camelcontext.flow.route.DeleteDocumentRoute] instanceOf ArkCaseAbstractRoute = [true]
[m[36m<TIMESTAMP>,488 [DEBUG] [main] com.armedia.acm.camelcontext.context.CamelContextManager - Trying to add route=[class com.armedia.acm.camelcontext.flow.route.DeleteDocumentRoute] to camel context
[m[36m<TIMESTAMP>,488 [DEBUG] [main] com.armedia.acm.camelcontext.context.CamelContextManager - Successfully added route=[class com.armedia.acm.camelcontext.flow.route.DeleteDocumentRoute] to camel context
[m[36m<TIMESTAMP>,488 [DEBUG] [main] com.armedia.acm.camelcontext.context.CamelContextManager - Current number of routes:[0]
[m[36m<TIMESTAMP>,488 [DEBUG] [main] com.armedia.acm.camelcontext.context.CamelContextManager - Current route=[class com.armedia.acm.camelcontext.flow.route.DownloadDocumentRoute] instanceOf ArkCaseAbstractRoute = [true]
[m[36m<TIMESTAMP>,489 [DEBUG] [main] com.armedia.acm.camelcontext.context.CamelContextManager - Trying to add route=[class com.armedia.acm.camelcontext.flow.route.DownloadDocumentRoute] to camel context
[m[36m<TIMESTAMP>,489 [DEBUG] [main] com.armedia.acm.camelcontext.context.CamelContextManager - Successfully added route=[class com.armedia.acm.camelcontext.flow.route.DownloadDocumentRoute] to camel context
[m[36m<TIMESTAMP>,489 [DEBUG] [main] com.armedia.acm.camelcontext.context.CamelContextManager - Current number of routes:[0]
[m[36m<TIMESTAMP>,489 [DEBUG] [main] com.armedia.acm.camelcontext.context.CamelContextManager - Current route=[class com.armedia.acm.camelcontext.flow.route.RenameDocumentRoute] instanceOf ArkCaseAbstractRoute = [true]
[m[36m<TIMESTAMP>,489 [DEBUG] [main] com.armedia.acm.camelcontext.context.CamelContextManager - Trying to add route=[class com.armedia.acm.camelcontext.flow.route.RenameDocumentRoute] to camel context
[m[36m<TIMESTAMP>,489 [DEBUG] [main] com.armedia.acm.camelcontext.context.CamelContextManager - Successfully added route=[class com.armedia.acm.camelcontext.flow.route.RenameDocumentRoute] to camel context
[m[36m<TIMESTAMP>,489 [DEBUG] [main] com.armedia.acm.camelcontext.context.CamelContextManager - Current number of routes:[0]
[m[32m<TIMESTAMP>,588 [INFO ] [main] org.apache.camel.component.seda.SedaEndpoint - Endpoint seda://alfresco-createDocumentQueue?timeout=150000 is using shared queue: seda://alfresco-createDocumentQueue with size: 1000
[m[32m<TIMESTAMP>,671 [INFO ] [main] org.apache.camel.component.seda.SedaEndpoint - Endpoint seda://alfresco-updateDocumentQueue?timeout=150000 is using shared queue: seda://alfresco-updateDocumentQueue with size: 1000
[m[32m<TIMESTAMP>,684 [INFO ] [main] org.apache.camel.component.seda.SedaEndpoint - Endpoint seda://alfresco-getObjectByIdQueue?timeout=150000 is using shared queue: seda://alfresco-getObjectByIdQueue with size: 1000
[m[32m<TIMESTAMP>,691 [INFO ] [main] org.apache.camel.component.seda.SedaEndpoint - Endpoint seda://alfresco-deleteFolderQueue?timeout=150000 is using shared queue: seda://alfresco-deleteFolderQueue with size: 1000
[m[32m<TIMESTAMP>,698 [INFO ] [main] org.apache.camel.component.seda.SedaEndpoint - Endpoint seda://alfresco-getOrCreateFolderQueue?timeout=150000 is using shared queue: seda://alfresco-getOrCreateFolderQueue with size: 1000
[m[32m<TIMESTAMP>,706 [INFO ] [main] org.apache.camel.component.seda.SedaEndpoint - Endpoint seda://alfresco-getObjectByPathQueue?timeout=150000 is using shared queue: seda://alfresco-getObjectByPathQueue with size: 1000
[m[32m<TIMESTAMP>,712 [INFO ] [main] org.apache.camel.component.seda.SedaEndpoint - Endpoint seda://alfresco-copyDocumentQueue?timeout=150000 is using shared queue: seda://alfresco-copyDocumentQueue with size: 1000
[m[32m<TIMESTAMP>,719 [INFO ] [main] org.apache.camel.component.seda.SedaEndpoint - Endpoint seda://alfresco-listFolderQueue?timeout=150000 is using shared queue: seda://alfresco-listFolderQueue with size: 1000
[m[32m<TIMESTAMP>,726 [INFO ] [main] org.apache.camel.component.seda.SedaEndpoint - Endpoint seda://alfresco-moveFolderQueue?timeout=150000 is using shared queue: seda://alfresco-moveFolderQueue with size: 1000
[m[32m<TIMESTAMP>,732 [INFO ] [main] org.apache.camel.component.seda.SedaEndpoint - Endpoint seda://alfresco-createFolderQueue?timeout=150000 is using shared queue: seda://alfresco-createFolderQueue with size: 1000
[m[32m<TIMESTAMP>,739 [INFO ] [main] org.apache.camel.component.seda.SedaEndpoint - Endpoint seda://alfresco-moveDocumentQueue?timeout=150000 is using shared queue: seda://alfresco-moveDocumentQueue with size: 1000
[m[32m<TIMESTAMP>,746 [INFO ] [main] org.apache.camel.component.seda.SedaEndpoint - Endpoint seda://alfresco-getFolderQueue?timeout=150000 is using shared queue: seda://alfresco-getFolderQueue with size: 1000
[m[32m<TIMESTAMP>,752 [INFO ] [main] org.apache.camel.component.seda.SedaEndpoint - Endpoint seda://alfresco-deleteDocumentQueue?timeout=150000 is using shared queue: seda://alfresco-deleteDocumentQueue with size: 1000
[m[32m<TIMESTAMP>,758 [INFO ] [main] org.apache.camel.component.seda.SedaEndpoint - Endpoint seda://alfresco-downloadDocumentQueue?timeout=150000 is using shared queue: seda://alfresco-downloadDocumentQueue with size: 1000
[m[32m<TIMESTAMP>,765 [INFO ] [main] org.apache.camel.component.seda.SedaEndpoint - Endpoint seda://alfresco-renameDocumentQueue?timeout=150000 is using shared queue: seda://alfresco-renameDocumentQueue with size: 1000
[m[32m<TIMESTAMP>,772 [INFO ] [main] org.apache.camel.component.seda.SedaEndpoint - Endpoint seda://opencmis-createDocumentQueue?timeout=150000 is using shared queue: seda://opencmis-createDocumentQueue with size: 1000
[m[32m<TIMESTAMP>,772 [INFO ] [main] org.apache.camel.component.seda.SedaEndpoint - Endpoint seda://opencmis-updateDocumentQueue?timeout=150000 is using shared queue: seda://opencmis-updateDocumentQueue with size: 1000
[m[32m<TIMESTAMP>,773 [INFO ] [main] org.apache.camel.component.seda.SedaEndpoint - Endpoint seda://opencmis-getObjectByIdQueue?timeout=150000 is using shared queue: seda://opencmis-getObjectByIdQueue with size: 1000
[m[32m<TIMESTAMP>,774 [INFO ] [main] org.apache.camel.component.seda.SedaEndpoint - Endpoint seda://opencmis-deleteFolderQueue?timeout=150000 is using shared queue: seda://opencmis-deleteFolderQueue with size: 1000
[m[32m<TIMESTAMP>,774 [INFO ] [main] org.apache.camel.component.seda.SedaEndpoint - Endpoint seda://opencmis-getOrCreateFolderQueue?timeout=150000 is using shared queue: seda://opencmis-getOrCreateFolderQueue with size: 1000
[m[32m<TIMESTAMP>,775 [INFO ] [main] org.apache.camel.component.seda.SedaEndpoint - Endpoint seda://opencmis-getObjectByPathQueue?timeout=150000 is using shared queue: seda://opencmis-getObjectByPathQueue with size: 1000
[m[32m<TIMESTAMP>,776 [INFO ] [main] org.apache.camel.component.seda.SedaEndpoint - Endpoint seda://opencmis-copyDocumentQueue?timeout=150000 is using shared queue: seda://opencmis-copyDocumentQueue with size: 1000
[m[32m<TIMESTAMP>,776 [INFO ] [main] org.apache.camel.component.seda.SedaEndpoint - Endpoint seda://opencmis-listFolderQueue?timeout=150000 is using shared queue: seda://opencmis-listFolderQueue with size: 1000
[m[32m<TIMESTAMP>,777 [INFO ] [main] org.apache.camel.component.seda.SedaEndpoint - Endpoint seda://opencmis-moveFolderQueue?timeout=150000 is using shared queue: seda://opencmis-moveFolderQueue with size: 1000
[m[32m<TIMESTAMP>,777 [INFO ] [main] org.apache.camel.component.seda.SedaEndpoint - Endpoint seda://opencmis-createFolderQueue?timeout=150000 is using shared queue: seda://opencmis-createFolderQueue with size: 1000
[m[32m<TIMESTAMP>,778 [INFO ] [main] org.apache.camel.component.seda.SedaEndpoint - Endpoint seda://opencmis-moveDocumentQueue?timeout=150000 is using shared queue: seda://opencmis-moveDocumentQueue with size: 1000
[m[32m<TIMESTAMP>,778 [INFO ] [main] org.apache.camel.component.seda.SedaEndpoint - Endpoint seda://opencmis-getFolderQueue?timeout=150000 is using shared queue: seda://opencmis-getFolderQueue with size: 1000
[m[32m<TIMESTAMP>,779 [INFO ] [main] org.apache.camel.component.seda.SedaEndpoint - Endpoint seda://opencmis-deleteDocumentQueue?timeout=150000 is using shared queue: seda://opencmis-deleteDocumentQueue with size: 1000
[m[32m<TIMESTAMP>,779 [INFO ] [main] org.apache.camel.component.seda.SedaEndpoint - Endpoint seda://opencmis-downloadDocumentQueue?timeout=150000 is using shared queue: seda://opencmis-downloadDocumentQueue with size: 1000
[m[32m<TIMESTAMP>,780 [INFO ] [main] org.apache.camel.component.seda.SedaEndpoint - Endpoint seda://opencmis-renameDocumentQueue?timeout=150000 is using shared queue: seda://opencmis-renameDocumentQueue with size: 1000
[m[32m<TIMESTAMP>,781 [INFO ] [main] org.apache.camel.impl.engine.AbstractCamelContext - Apache Camel 3.7.0 (camel-1) is starting
[m[32m<TIMESTAMP>,782 [INFO ] [main] org.apache.camel.impl.engine.AbstractCamelContext - StreamCaching is not in use. If using streams then it's recommended to enable stream caching. See more details at http://camel.apache.org/stream-caching.html
[m[32m<TIMESTAMP>,792 [INFO ] [main] org.apache.camel.impl.engine.InternalRouteStartupManager - Route: route1 started and consuming from: seda://alfresco-createDocumentQueue
[m[32m<TIMESTAMP>,793 [INFO ] [main] org.apache.camel.impl.engine.InternalRouteStartupManager - Route: route2 started and consuming from: seda://alfresco-updateDocumentQueue
[m[32m<TIMESTAMP>,793 [INFO ] [main] org.apache.camel.impl.engine.InternalRouteStartupManager - Route: route3 started and consuming from: seda://alfresco-getObjectByIdQueue
[m[32m<TIMESTAMP>,794 [INFO ] [main] org.apache.camel.impl.engine.InternalRouteStartupManager - Route: route4 started and consuming from: seda://alfresco-deleteFolderQueue
[m[32m<TIMESTAMP>,794 [INFO ] [main] org.apache.camel.impl.engine.InternalRouteStartupManager - Route: route5 started and consuming from: seda://alfresco-getOrCreateFolderQueue
[m[32m<TIMESTAMP>,794 [INFO ] [main] org.apache.camel.impl.engine.InternalRouteStartupManager - Route: route6 started and consuming from: seda://alfresco-getObjectByPathQueue
[m[32m<TIMESTAMP>,795 [INFO ] [main] org.apache.camel.impl.engine.InternalRouteStartupManager - Route: route7 started and consuming from: seda://alfresco-copyDocumentQueue
[m[32m<TIMESTAMP>,795 [INFO ] [main] org.apache.camel.impl.engine.InternalRouteStartupManager - Route: route8 started and consuming from: seda://alfresco-listFolderQueue
[m[32m<TIMESTAMP>,795 [INFO ] [main] org.apache.camel.impl.engine.InternalRouteStartupManager - Route: route9 started and consuming from: seda://alfresco-moveFolderQueue
[m[32m<TIMESTAMP>,796 [INFO ] [main] org.apache.camel.impl.engine.InternalRouteStartupManager - Route: route10 started and consuming from: seda://alfresco-createFolderQueue
[m[32m<TIMESTAMP>,796 [INFO ] [main] org.apache.camel.impl.engine.InternalRouteStartupManager - Route: route11 started and consuming from: seda://alfresco-moveDocumentQueue
[m[32m<TIMESTAMP>,797 [INFO ] [main] org.apache.camel.impl.engine.InternalRouteStartupManager - Route: route12 started and consuming from: seda://alfresco-getFolderQueue
[m[32m<TIMESTAMP>,797 [INFO ] [main] org.apache.camel.impl.engine.InternalRouteStartupManager - Route: route13 started and consuming from: seda://alfresco-deleteDocumentQueue
[m[32m<TIMESTAMP>,797 [INFO ] [main] org.apache.camel.impl.engine.InternalRouteStartupManager - Route: route14 started and consuming from: seda://alfresco-downloadDocumentQueue
[m[32m<TIMESTAMP>,798 [INFO ] [main] org.apache.camel.impl.engine.InternalRouteStartupManager - Route: route15 started and consuming from: seda://alfresco-renameDocumentQueue
[m[32m<TIMESTAMP>,798 [INFO ] [main] org.apache.camel.impl.engine.InternalRouteStartupManager - Route: route16 started and consuming from: seda://opencmis-createDocumentQueue
[m[32m<TIMESTAMP>,799 [INFO ] [main] org.apache.camel.impl.engine.InternalRouteStartupManager - Route: route17 started and consuming from: seda://opencmis-updateDocumentQueue
[m[32m<TIMESTAMP>,799 [INFO ] [main] org.apache.camel.impl.engine.InternalRouteStartupManager - Route: route18 started and consuming from: seda://opencmis-getObjectByIdQueue
[m[32m<TIMESTAMP>,799 [INFO ] [main] org.apache.camel.impl.engine.InternalRouteStartupManager - Route: route19 started and consuming from: seda://opencmis-deleteFolderQueue
[m[32m<TIMESTAMP>,800 [INFO ] [main] org.apache.camel.impl.engine.InternalRouteStartupManager - Route: route20 started and consuming from: seda://opencmis-getOrCreateFolderQueue
[m[32m<TIMESTAMP>,800 [INFO ] [main] org.apache.camel.impl.engine.InternalRouteStartupManager - Route: route21 started and consuming from: seda://opencmis-getObjectByPathQueue
[m[32m<TIMESTAMP>,800 [INFO ] [main] org.apache.camel.impl.engine.InternalRouteStartupManager - Route: route22 started and consuming from: seda://opencmis-copyDocumentQueue
[m[32m<TIMESTAMP>,801 [INFO ] [main] org.apache.camel.impl.engine.InternalRouteStartupManager - Route: route23 started and consuming from: seda://opencmis-listFolderQueue
[m[32m<TIMESTAMP>,801 [INFO ] [main] org.apache.camel.impl.engine.InternalRouteStartupManager - Route: route24 started and consuming from: seda://opencmis-moveFolderQueue
[m[32m<TIMESTAMP>,801 [INFO ] [main] org.apache.camel.impl.engine.InternalRouteStartupManager - Route: route25 started and consuming from: seda://opencmis-createFolderQueue
[m[32m<TIMESTAMP>,802 [INFO ] [main] org.apache.camel.impl.engine.InternalRouteStartupManager - Route: route26 started and consuming from: seda://opencmis-moveDocumentQueue
[m[32m<TIMESTAMP>,802 [INFO ] [main] org.apache.camel.impl.engine.InternalRouteStartupManager - Route: route27 started and consuming from: seda://opencmis-getFolderQueue
[m[32m<TIMESTAMP>,802 [INFO ] [main] org.apache.camel.impl.engine.InternalRouteStartupManager - Route: route28 started and consuming from: seda://opencmis-deleteDocumentQueue
[m[32m<TIMESTAMP>,803 [INFO ] [main] org.apache.camel.impl.engine.InternalRouteStartupManager - Route: route29 started and consuming from: seda://opencmis-downloadDocumentQueue
[m[32m<TIMESTAMP>,803 [INFO ] [main] org.apache.camel.impl.engine.InternalRouteStartupManager - Route: route30 started and consuming from: seda://opencmis-renameDocumentQueue
[m[32m<TIMESTAMP>,803 [INFO ] [main] org.apache.camel.impl.engine.AbstractCamelContext - Total 30 routes, of which 30 are started
[m[32m<TIMESTAMP>,803 [INFO ] [main] org.apache.camel.impl.engine.AbstractCamelContext - Apache Camel 3.7.0 (camel-1) started in 22ms
[m[36m<TIMESTAMP>,805 [DEBUG] [main] com.armedia.acm.camelcontext.context.CamelContextManager - Number of camel routes=30
[m[36m<TIMESTAMP>,805 [DEBUG] [main] com.armedia.acm.camelcontext.context.CamelContextManager - Camel route id=route1, description=null, endpointURI=seda://alfresco-createDocumentQueue?timeout=150000
[m[36m<TIMESTAMP>,805 [DEBUG] [main] com.armedia.acm.camelcontext.context.CamelContextManager - Camel route id=route2, description=null, endpointURI=seda://alfresco-updateDocumentQueue?timeout=150000
[m[36m<TIMESTAMP>,805 [DEBUG] [main] com.armedia.acm.camelcontext.context.CamelContextManager - Camel route id=route3, description=null, endpointURI=seda://alfresco-getObjectByIdQueue?timeout=150000
[m[36m<TIMESTAMP>,805 [DEBUG] [main] com.armedia.acm.camelcontext.context.CamelContextManager - Camel route id=route4, description=null, endpointURI=seda://alfresco-deleteFolderQueue?timeout=150000
[m[36m<TIMESTAMP>,805 [DEBUG] [main] com.armedia.acm.camelcontext.context.CamelContextManager - Camel route id=route5, description=null, endpointURI=seda://alfresco-getOrCreateFolderQueue?timeout=150000
[m[36m<TIMESTAMP>,805 [DEBUG] [main] com.armedia.acm.camelcontext.context.CamelContextManager - Camel route id=route6, description=null, endpointURI=seda://alfresco-getObjectByPathQueue?timeout=150000
[m[36m<TIMESTAMP>,805 [DEBUG] [main] com.armedia.acm.camelcontext.context.CamelContextManager - Camel route id=route7, description=null, endpointURI=seda://alfresco-copyDocumentQueue?timeout=150000
[m[36m<TIMESTAMP>,805 [DEBUG] [main] com.armedia.acm.camelcontext.context.CamelContextManager - Camel route id=route8, description=null, endpointURI=seda://alfresco-listFolderQueue?timeout=150000
[m[36m<TIMESTAMP>,805 [DEBUG] [main] com.armedia.acm.camelcontext.context.CamelContextManager - Camel route id=route9, description=null, endpointURI=seda://alfresco-moveFolderQueue?timeout=150000
[m[36m<TIMESTAMP>,805 [DEBUG] [main] com.armedia.acm.camelcontext.context.CamelContextManager - Camel route id=route10, description=null, endpointURI=seda://alfresco-createFolderQueue?timeout=150000
[m[36m<TIMESTAMP>,805 [DEBUG] [main] com.armedia.acm.camelcontext.context.CamelContextManager - Camel route id=route11, description=null, endpointURI=seda://alfresco-moveDocumentQueue?timeout=150000
[m[36m<TIMESTAMP>,805 [DEBUG] [main] com.armedia.acm.camelcontext.context.CamelContextManager - Camel route id=route12, description=null, endpointURI=seda://alfresco-getFolderQueue?timeout=150000
[m[36m<TIMESTAMP>,805 [DEBUG] [main] com.armedia.acm.camelcontext.context.CamelContextManager - Camel route id=route13, description=null, endpointURI=seda://alfresco-deleteDocumentQueue?timeout=150000
[m[36m<TIMESTAMP>,805 [DEBUG] [main] com.armedia.acm.camelcontext.context.CamelContextManager - Camel route id=route14, description=null, endpointURI=seda://alfresco-downloadDocumentQueue?timeout=150000
[m[36m<TIMESTAMP>,805 [DEBUG] [main] com.armedia.acm.camelcontext.context.CamelContextManager - Camel route id=route15, description=null, endpointURI=seda://alfresco-renameDocumentQueue?timeout=150000
[m[36m<TIMESTAMP>,805 [DEBUG] [main] com.armedia.acm.camelcontext.context.CamelContextManager - Camel route id=route16, description=null, endpointURI=seda://opencmis-createDocumentQueue?timeout=150000
[m[36m<TIMESTAMP>,805 [DEBUG] [main] com.armedia.acm.camelcontext.context.CamelContextManager - Camel route id=route17, description=null, endpointURI=seda://opencmis-updateDocumentQueue?timeout=150000
[m[36m<TIMESTAMP>,805 [DEBUG] [main] com.armedia.acm.camelcontext.context.CamelContextManager - Camel route id=route18, description=null, endpointURI=seda://opencmis-getObjectByIdQueue?timeout=150000
[m[36m<TIMESTAMP>,805 [DEBUG] [main] com.armedia.acm.camelcontext.context.CamelContextManager - Camel route id=route19, description=null, endpointURI=seda://opencmis-deleteFolderQueue?timeout=150000
[m[36m<TIMESTAMP>,805 [DEBUG] [main] com.armedia.acm.camelcontext.context.CamelContextManager - Camel route id=route20, description=null, endpointURI=seda://opencmis-getOrCreateFolderQueue?timeout=150000
[m[36m<TIMESTAMP>,805 [DEBUG] [main] com.armedia.acm.camelcontext.context.CamelContextManager - Camel route id=route21, description=null, endpointURI=seda://opencmis-getObjectByPathQueue?timeout=150000
[m[36m<TIMESTAMP>,805 [DEBUG] [main] com.armedia.acm.camelcontext.context.CamelContextManager - Camel route id=route22, description=null, endpointURI=seda://opencmis-copyDocumentQueue?timeout=150000
[m[36m<TIMESTAMP>,805 [DEBUG] [main] com.armedia.acm.camelcontext.context.CamelContextManager - Camel route id=route23, description=null, endpointURI=seda://opencmis-listFolderQueue?timeout=150000
[m[36m<TIMESTAMP>,805 [DEBUG] [main] com.armedia.acm.camelcontext.context.CamelContextManager - Camel route id=route24, description=null, endpointURI=seda://opencmis-moveFolderQueue?timeout=150000
[m[36m<TIMESTAMP>,806 [DEBUG] [main] com.armedia.acm.camelcontext.context.CamelContextManager - Camel route id=route25, description=null, endpointURI=seda://opencmis-createFolderQueue?timeout=150000
[m[36m<TIMESTAMP>,806 [DEBUG] [main] com.armedia.acm.camelcontext.context.CamelContextManager - Camel route id=route26, description=null, endpointURI=seda://opencmis-moveDocumentQueue?timeout=150000
[m[36m<TIMESTAMP>,806 [DEBUG] [main] com.armedia.acm.camelcontext.context.CamelContextManager - Camel route id=route27, description=null, endpointURI=seda://opencmis-getFolderQueue?timeout=150000
[m[36m<TIMESTAMP>,806 [DEBUG] [main] com.armedia.acm.camelcontext.context.CamelContextManager - Camel route id=route28, description=null, endpointURI=seda://opencmis-deleteDocumentQueue?timeout=150000
[m[36m<TIMESTAMP>,806 [DEBUG] [main] com.armedia.acm.camelcontext.context.CamelContextManager - Camel route id=route29, description=null, endpointURI=seda://opencmis-downloadDocumentQueue?timeout=150000
[m[36m<TIMESTAMP>,806 [DEBUG] [main] com.armedia.acm.camelcontext.context.CamelContextManager - Camel route id=route30, description=null, endpointURI=seda://opencmis-renameDocumentQueue?timeout=150000
[m[36m<TIMESTAMP>,806 [DEBUG] [main] com.armedia.acm.camelcontext.context.CamelContextManager - Camel context successfully started.
[m[36m<TIMESTAMP>,593 [DEBUG] [main] com.armedia.acm.files.ConfigFileWatcher - file added: file://<HOME>/.arkcase/acm/cmis/cmis-config-templates/camel-config-cmis.properties.ftl
[m[36m<TIMESTAMP>,593 [DEBUG] [main] com.armedia.acm.spring.SpringContextHolder - Event type: [com.armedia.acm.files.ConfigurationFileAddedEvent]. Event base filename: [cmis/cmis-config-templates/camel-config-cmis.properties.ftl]
[m[36m<TIMESTAMP>,593 [DEBUG] [main] com.armedia.acm.files.ConfigFileWatcher - file added: file://<HOME>/.arkcase/acm/cmis/camel-config-opencmis-cmis.properties
[m[36m<TIMESTAMP>,593 [DEBUG] [main] com.armedia.acm.spring.SpringContextHolder - Event type: [com.armedia.acm.files.ConfigurationFileAddedEvent]. Event base filename: [cmis/camel-config-opencmis-cmis.properties]
[m[36m<TIMESTAMP>,593 [DEBUG] [main] com.armedia.acm.files.ConfigFileWatcher - file added: file://<HOME>/.arkcase/acm/cmis/camel-config-alfresco-cmis.properties
[m[36m<TIMESTAMP>,593 [DEBUG] [main] com.armedia.acm.spring.SpringContextHolder - Event type: [com.armedia.acm.files.ConfigurationFileAddedEvent]. Event base filename: [cmis/camel-config-alfresco-cmis.properties]
[m[36m<TIMESTAMP>,618 [DEBUG] [main] com.armedia.acm.files.ConfigFileWatcher - file added: file://<HOME>/.arkcase/acm/acm-config-server-repo/arkcase-activemq.yaml
[m[36m<TIMESTAMP>,618 [DEBUG] [main] com.armedia.acm.spring.SpringContextHolder - Event type: [com.armedia.acm.files.ConfigurationFileAddedEvent]. Event base filename: [acm-config-server-repo/arkcase-activemq.yaml]
[m[36m<TIMESTAMP>,653 [DEBUG] [main] com.armedia.acm.files.ConfigFileWatcher - file added: file://<HOME>/.arkcase/acm/acm-config-server-repo/arkcase-activemq.yaml.orig
[m[36m<TIMESTAMP>,653 [DEBUG] [main] com.armedia.acm.spring.SpringContextHolder - Event type: [com.armedia.acm.files.ConfigurationFileAddedEvent]. Event base filename: [acm-config-server-repo/arkcase-activemq.yaml.orig]
[m[36m<TIMESTAMP>,652 [DEBUG] [org.springframework.jms.JmsListenerEndpointContainer#13-2] com.armedia.acm.services.search.service.solr.SolrPostQueueListener - Sending to advanced search
[m[36m<TIMESTAMP>,775 [DEBUG] [org.springframework.jms.JmsListenerEndpointContainer#13-2] com.armedia.acm.services.search.service.solr.DefaultSolrPostClient - Sending to Solr core acmAdvancedSearch with JSON [{"id":"111-OBJECT_LOCK","object_id_s":"111","obje...
[m[36m<TIMESTAMP>,081 [DEBUG] [org.springframework.jms.JmsListenerEndpointContainer#13-2] com.armedia.acm.services.search.service.solr.SolrRestClient - Posted to Solr: [[{"id":"111-OBJECT_LOCK","object_id_s":"111","obje...], got response code 200
[m[36m<TIMESTAMP>,176 [DEBUG] [org.springframework.jms.JmsListenerEndpointContainer#13-2] com.armedia.acm.services.search.service.solr.SolrPostQueueListener - Sending to advanced search
[m[36m<TIMESTAMP>,177 [DEBUG] [org.springframework.jms.JmsListenerEndpointContainer#13-2] com.armedia.acm.services.search.service.solr.DefaultSolrPostClient - Sending to Solr core acmAdvancedSearch with JSON [{"id":"118-FOLDER","object_id_s":"118","object_id...
[m[36m<TIMESTAMP>,228 [DEBUG] [org.springframework.jms.JmsListenerEndpointContainer#13-2] com.armedia.acm.services.search.service.solr.SolrRestClient - Posted to Solr: [[{"id":"118-FOLDER","object_id_s":"118","object_id...], got response code 200
[m[36m<TIMESTAMP>,261 [DEBUG] [org.springframework.jms.JmsListenerEndpointContainer#13-2] com.armedia.acm.services.search.service.solr.SolrPostQueueListener - Sending to advanced search
[m[36m<TIMESTAMP>,261 [DEBUG] [org.springframework.jms.JmsListenerEndpointContainer#13-2] com.armedia.acm.services.search.service.solr.DefaultSolrPostClient - Sending to Solr core acmAdvancedSearch with JSON [{"id":"119-FOLDER","object_id_s":"119","object_id...
[m[36m<TIMESTAMP>,277 [DEBUG] [org.springframework.jms.JmsListenerEndpointContainer#13-2] com.armedia.acm.services.search.service.solr.SolrRestClient - Posted to Solr: [[{"id":"119-FOLDER","object_id_s":"119","object_id...], got response code 200
[m[36m<TIMESTAMP>,288 [DEBUG] [org.springframework.jms.JmsListenerEndpointContainer#13-2] com.armedia.acm.services.search.service.solr.SolrPostQueueListener - Sending to advanced search
[m[36m<TIMESTAMP>,288 [DEBUG] [org.springframework.jms.JmsListenerEndpointContainer#13-2] com.armedia.acm.services.search.service.solr.DefaultSolrPostClient - Sending to Solr core acmAdvancedSearch with JSON [{"id":"117-FOLDER","object_id_s":"117","object_id...
[m[36m<TIMESTAMP>,371 [DEBUG] [org.springframework.jms.JmsListenerEndpointContainer#13-2] com.armedia.acm.services.search.service.solr.SolrRestClient - Posted to Solr: [[{"id":"117-FOLDER","object_id_s":"117","object_id...], got response code 200
[m[36m<TIMESTAMP>,754 [DEBUG] [main] com.armedia.acm.userinterface.angular.AngularResourceCopier - Copying [<HOME>/.arkcase/tmp/node_modules/jquery/src/core/camelCase.js] to [<HOME>/.arkcase/custom/node_modules/jquery/src/core/camelCase.js]
[m[36m<TIMESTAMP>,006 [DEBUG] [main] com.armedia.acm.userinterface.angular.AngularResourceCopier - Copying [<HOME>/.arkcase/tmp/node_modules/camelcase/index.js] to [<HOME>/.arkcase/custom/node_modules/camelcase/index.js]
[m[36m<TIMESTAMP>,006 [DEBUG] [main] com.armedia.acm.userinterface.angular.AngularResourceCopier - Copying [<HOME>/.arkcase/tmp/node_modules/camelcase/readme.md] to [<HOME>/.arkcase/custom/node_modules/camelcase/readme.md]
[m[36m<TIMESTAMP>,007 [DEBUG] [main] com.armedia.acm.userinterface.angular.AngularResourceCopier - Copying [<HOME>/.arkcase/tmp/node_modules/camelcase/license] to [<HOME>/.arkcase/custom/node_modules/camelcase/license]
[m[36m<TIMESTAMP>,007 [DEBUG] [main] com.armedia.acm.userinterface.angular.AngularResourceCopier - Copying [<HOME>/.arkcase/tmp/node_modules/camelcase/package.json] to [<HOME>/.arkcase/custom/node_modules/camelcase/package.json]
[m[36m<TIMESTAMP>,279 [DEBUG] [main] com.armedia.acm.userinterface.angular.AngularResourceCopier - Copying [<HOME>/.arkcase/tmp/node_modules/camelcase-keys/index.js] to [<HOME>/.arkcase/custom/node_modules/camelcase-keys/index.js]
[m[36m<TIMESTAMP>,280 [DEBUG] [main] com.armedia.acm.userinterface.angular.AngularResourceCopier - Copying [<HOME>/.arkcase/tmp/node_modules/camelcase-keys/readme.md] to [<HOME>/.arkcase/custom/node_modules/camelcase-keys/readme.md]
[m[36m<TIMESTAMP>,280 [DEBUG] [main] com.armedia.acm.userinterface.angular.AngularResourceCopier - Copying [<HOME>/.arkcase/tmp/node_modules/camelcase-keys/node_modules/camelcase/index.js] to [<HOME>/.arkcase/custom/node_modules/camelcase-keys/node_modules/camelcase/index.js]
[m[36m<TIMESTAMP>,280 [DEBUG] [main] com.armedia.acm.userinterface.angular.AngularResourceCopier - Copying [<HOME>/.arkcase/tmp/node_modules/camelcase-keys/node_modules/camelcase/readme.md] to [<HOME>/.arkcase/custom/node_modules/camelcase-keys/node_modules/camelcase/readme.md]
[m[36m<TIMESTAMP>,280 [DEBUG] [main] com.armedia.acm.userinterface.angular.AngularResourceCopier - Copying [<HOME>/.arkcase/tmp/node_modules/camelcase-keys/node_modules/camelcase/license] to [<HOME>/.arkcase/custom/node_modules/camelcase-keys/node_modules/camelcase/license]
[m[36m<TIMESTAMP>,280 [DEBUG] [main] com.armedia.acm.userinterface.angular.AngularResourceCopier - Copying [<HOME>/.arkcase/tmp/node_modules/camelcase-keys/node_modules/camelcase/package.json] to [<HOME>/.arkcase/custom/node_modules/camelcase-keys/node_modules/camelcase/package.json]
[m[36m<TIMESTAMP>,280 [DEBUG] [main] com.armedia.acm.userinterface.angular.AngularResourceCopier - Copying [<HOME>/.arkcase/tmp/node_modules/camelcase-keys/license] to [<HOME>/.arkcase/custom/node_modules/camelcase-keys/license]
[m[36m<TIMESTAMP>,280 [DEBUG] [main] com.armedia.acm.userinterface.angular.AngularResourceCopier - Copying [<HOME>/.arkcase/tmp/node_modules/camelcase-keys/package.json] to [<HOME>/.arkcase/custom/node_modules/camelcase-keys/package.json]
[m[36m<TIMESTAMP>,878 [DEBUG] [main] com.armedia.acm.userinterface.angular.AngularResourceCopier - Copying [<HOME>/.arkcase/tmp/node_modules/grunt-sync/node_modules/lodash/fp/camelCase.js] to [<HOME>/.arkcase/custom/node_modules/grunt-sync/node_modules/lodash/fp/camelCase.js]
[m[36m<TIMESTAMP>,185 [DEBUG] [main] com.armedia.acm.userinterface.angular.AngularResourceCopier - Copying [<HOME>/.arkcase/tmp/node_modules/grunt-sync/node_modules/lodash/camelCase.js] to [<HOME>/.arkcase/custom/node_modules/grunt-sync/node_modules/lodash/camelCase.js]
[m[36m<TIMESTAMP>,370 [DEBUG] [main] com.armedia.acm.userinterface.angular.AngularResourceCopier - Copying [<HOME>/.arkcase/tmp/node_modules/lodash/string/camelCase.js] to [<HOME>/.arkcase/custom/node_modules/lodash/string/camelCase.js]
[m[36m<TIMESTAMP>,034 [DEBUG] [main] com.armedia.acm.userinterface.angular.AngularResourceCopier - Copying [<HOME>/.arkcase/tmp/node_modules/globule/node_modules/lodash/fp/camelCase.js] to [<HOME>/.arkcase/custom/node_modules/globule/node_modules/lodash/fp/camelCase.js]
[m[36m<TIMESTAMP>,318 [DEBUG] [main] com.armedia.acm.userinterface.angular.AngularResourceCopier - Copying [<HOME>/.arkcase/tmp/node_modules/globule/node_modules/lodash/camelCase.js] to [<HOME>/.arkcase/custom/node_modules/globule/node_modules/lodash/camelCase.js]
[m[36m<TIMESTAMP>,203 [DEBUG] [main] com.armedia.acm.userinterface.angular.AngularResourceCopier - Copying [<HOME>/.arkcase/tmp/node_modules/decamelize/index.js] to [<HOME>/.arkcase/custom/node_modules/decamelize/index.js]
[m[36m<TIMESTAMP>,203 [DEBUG] [main] com.armedia.acm.userinterface.angular.AngularResourceCopier - Copying [<HOME>/.arkcase/tmp/node_modules/decamelize/readme.md] to [<HOME>/.arkcase/custom/node_modules/decamelize/readme.md]
[m[36m<TIMESTAMP>,203 [DEBUG] [main] com.armedia.acm.userinterface.angular.AngularResourceCopier - Copying [<HOME>/.arkcase/tmp/node_modules/decamelize/license] to [<HOME>/.arkcase/custom/node_modules/decamelize/license]
[m[36m<TIMESTAMP>,203 [DEBUG] [main] com.armedia.acm.userinterface.angular.AngularResourceCopier - Copying [<HOME>/.arkcase/tmp/node_modules/decamelize/package.json] to [<HOME>/.arkcase/custom/node_modules/decamelize/package.json]
[m[36m<TIMESTAMP>,401 [DEBUG] [main] com.armedia.acm.userinterface.angular.AngularResourceCopier - Copying [<HOME>/.arkcase/tmp/node_modules/grunt-contrib-watch/node_modules/lodash/fp/camelCase.js] to [<HOME>/.arkcase/custom/node_modules/grunt-contrib-watch/node_modules/lodash/fp/camelCase.js]
[m[36m<TIMESTAMP>,562 [DEBUG] [main] com.armedia.acm.userinterface.angular.AngularResourceCopier - Copying [<HOME>/.arkcase/tmp/node_modules/grunt-contrib-watch/node_modules/lodash/camelCase.js] to [<HOME>/.arkcase/custom/node_modules/grunt-contrib-watch/node_modules/lodash/camelCase.js]
[m[36m<TIMESTAMP>,793 [DEBUG] [main] com.armedia.acm.userinterface.angular.AngularResourceCopier - Copying [<HOME>/.arkcase/tmp/node_modules/jshint/node_modules/lodash/string/camelCase.js] to [<HOME>/.arkcase/custom/node_modules/jshint/node_modules/lodash/string/camelCase.js]
[m[36m<TIMESTAMP>,888 [DEBUG] [main] com.armedia.acm.userinterface.angular.AngularResourceCopier - Copying [<HOME>/.arkcase/tmp/node_modules/es5-ext/string/#/hyphen-to-camel.js] to [<HOME>/.arkcase/custom/node_modules/es5-ext/string/#/hyphen-to-camel.js]
[m[36m<TIMESTAMP>,890 [DEBUG] [main] com.armedia.acm.userinterface.angular.AngularResourceCopier - Copying [<HOME>/.arkcase/tmp/node_modules/es5-ext/string/#/camel-to-hyphen.js] to [<HOME>/.arkcase/custom/node_modules/es5-ext/string/#/camel-to-hyphen.js]
[m[36m<TIMESTAMP>,973 [DEBUG] [main] com.armedia.acm.userinterface.angular.AngularResourceCopier - Copying [<HOME>/.arkcase/tmp/node_modules/es5-ext/test/string/#/hyphen-to-camel.js] to [<HOME>/.arkcase/custom/node_modules/es5-ext/test/string/#/hyphen-to-camel.js]
[m[36m<TIMESTAMP>,975 [DEBUG] [main] com.armedia.acm.userinterface.angular.AngularResourceCopier - Copying [<HOME>/.arkcase/tmp/node_modules/es5-ext/test/string/#/camel-to-hyphen.js] to [<HOME>/.arkcase/custom/node_modules/es5-ext/test/string/#/camel-to-hyphen.js]
[m[36m<TIMESTAMP>,089 [DEBUG] [main] com.armedia.acm.userinterface.angular.AngularResourceCopier - Copying [<HOME>/.arkcase/tmp/node_modules/grunt-contrib-clean/node_modules/lodash/fp/camelCase.js] to [<HOME>/.arkcase/custom/node_modules/grunt-contrib-clean/node_modules/lodash/fp/camelCase.js]
[m[36m<TIMESTAMP>,295 [DEBUG] [main] com.armedia.acm.userinterface.angular.AngularResourceCopier - Copying [<HOME>/.arkcase/tmp/node_modules/grunt-contrib-clean/node_modules/lodash/camelCase.js] to [<HOME>/.arkcase/custom/node_modules/grunt-contrib-clean/node_modules/lodash/camelCase.js]
[m[32m<TIMESTAMP>,476 [INFO ] [main] org.springframework.messaging.simp.stomp.StompBrokerRelayMessageHandler - Starting...
[m[32m<TIMESTAMP>,477 [INFO ] [main] org.springframework.messaging.simp.stomp.StompBrokerRelayMessageHandler - Starting "system" session, StompBrokerRelay[ReactorNettyTcpClient[reactor.netty.tcp.TcpClientConnect@3851a4b0]]
[m[32m<TIMESTAMP>,995 [INFO ] [main] org.springframework.messaging.simp.stomp.StompBrokerRelayMessageHandler - Started.
----- end region -----
