flow: 2
slug: 2-views
title: case list, detail and document views render from served assets

===== app-shell =====
request-method: GET
request-url: https://arkcase-ce.local/arkcase/
auth-mode: anon
redirects-followed: 0
redirect-target-reported: (none)
transport-trust-mode: verify-default-trust-store
certificate-verification-result: 0
http-version: 0
observed-http-status: 000
observed-content-type: unknown
observed-body-bytes: 0
observed-body-form: text
observed-body-sha256: (not computed for a textual body)
observed-session-cookie: absent
capture-body-truncated: no
capture-headers-truncated: no
capture-diagnostics-truncated: no
transport-exit-status-observed: 6
----- body -----
(empty)
----- end body -----
----- transport-diagnostics -----
curl: (6) Could not resolve host: arkcase-ce.local

----- end transport-diagnostics -----
----- response-headers -----
(none)
----- end response-headers -----

===== case-list =====
request-method: GET
request-url: https://arkcase-ce.local/arkcase/api/latest/plugin/casebystatus/ALL
auth-mode: basic
redirects-followed: 0
redirect-target-reported: (none)
transport-trust-mode: verify-default-trust-store
certificate-verification-result: 0
http-version: 0
observed-http-status: 000
observed-content-type: unknown
observed-body-bytes: 0
observed-body-form: text
observed-body-sha256: (not computed for a textual body)
observed-session-cookie: absent
capture-body-truncated: no
capture-headers-truncated: no
capture-diagnostics-truncated: no
transport-exit-status-observed: 6
----- body -----
(empty)
----- end body -----
----- transport-diagnostics -----
curl: (6) Could not resolve host: arkcase-ce.local

----- end transport-diagnostics -----
----- response-headers -----
(none)
----- end response-headers -----

===== app-shell (SKIPPED) =====
SKIPPED
reason: no HTTP response from https://arkcase-ce.local/arkcase/ or the case-list endpoint
note: this flow could not be executed.  The record is deliberate: an
  unexecuted flow is reported rather than omitted, so that the
  eight-flow completion condition stays verifiable and the gap is
  visible in a directory diff, in the completeness verdict and in the
  exit status (R-5).

