flow: 1
slug: 1-login
title: authenticated login, authorisation result and asserted identity

===== anonymous =====
request-method: GET
request-url: https://arkcase-ce.local/arkcase/api/latest/plugin/admin/businessHours
auth-mode: anon
redirects-followed: 0
redirect-target-reported: (none)
transport-trust-mode: verify-default-trust-store
certificate-verification-result: 0
http-version: 0
observed-http-status: 000
observed-content-type: unknown
observed-body-bytes: 0
observed-body-form: text
observed-body-sha256: (not computed for a textual body)
observed-session-cookie: absent
capture-body-truncated: no
capture-headers-truncated: no
capture-diagnostics-truncated: no
transport-exit-status-observed: 6
----- body -----
(empty)
----- end body -----
----- transport-diagnostics -----
curl: (6) Could not resolve host: arkcase-ce.local

----- end transport-diagnostics -----
----- response-headers -----
(none)
----- end response-headers -----

===== authenticated =====
request-method: GET
request-url: https://arkcase-ce.local/arkcase/api/latest/plugin/admin/businessHours
auth-mode: basic
redirects-followed: 0
redirect-target-reported: (none)
transport-trust-mode: verify-default-trust-store
certificate-verification-result: 0
http-version: 0
observed-http-status: 000
observed-content-type: unknown
observed-body-bytes: 0
observed-body-form: text
observed-body-sha256: (not computed for a textual body)
observed-session-cookie: absent
capture-body-truncated: no
capture-headers-truncated: no
capture-diagnostics-truncated: no
transport-exit-status-observed: 6
----- body -----
(empty)
----- end body -----
----- transport-diagnostics -----
curl: (6) Could not resolve host: arkcase-ce.local

----- end transport-diagnostics -----
----- response-headers -----
(none)
----- end response-headers -----

===== authenticated-identity =====
request-method: GET
request-url: https://arkcase-ce.local/arkcase/api/latest/users/info
auth-mode: basic
redirects-followed: 0
redirect-target-reported: (none)
transport-trust-mode: verify-default-trust-store
certificate-verification-result: 0
http-version: 0
observed-http-status: 000
observed-content-type: unknown
observed-body-bytes: 0
observed-body-form: text
observed-body-sha256: (not computed for a textual body)
observed-session-cookie: absent
capture-body-truncated: no
capture-headers-truncated: no
capture-diagnostics-truncated: no
transport-exit-status-observed: 6
----- body -----
(empty)
----- end body -----
----- transport-diagnostics -----
curl: (6) Could not resolve host: arkcase-ce.local

----- end transport-diagnostics -----
----- response-headers -----
(none)
----- end response-headers -----

===== authenticated (SKIPPED) =====
SKIPPED
reason: no HTTP response from https://arkcase-ce.local/arkcase/api/latest/plugin/admin/businessHours
note: this flow could not be executed.  The record is deliberate: an
  unexecuted flow is reported rather than omitted, so that the
  eight-flow completion condition stays verifiable and the gap is
  visible in a directory diff, in the completeness verdict and in the
  exit status (R-5).

